// Jest Snapshot v1, https://goo.gl/fbAQLP

exports[`snpashot 1`] = `
<h1>
  Loading...
</h1>
`;
